// Jest Snapshot v1, https://goo.gl/fbAQLP

exports[`CompareCard matches the snapshot 1`] = `
ShallowWrapper {
  Symbol(enzyme.__root__): [Circular],
  Symbol(enzyme.__unrendered__): <CompareCard
    DistrictOne="COLORADO"
    DistrictOneData={0.53}
    DistrictTwo="ADAMS COUNTY 14"
    DistrictTwoData={0.709}
    comparison={0.748}
/>,
  Symbol(enzyme.__renderer__): Object {
    "batchedUpdates": [Function],
    "getNode": [Function],
    "render": [Function],
    "simulateEvent": [Function],
    "unmount": [Function],
  },
  Symbol(enzyme.__node__): Object {
    "instance": null,
    "key": undefined,
    "nodeType": "host",
    "props": Object {
      "children": Array [
        <h2>
          COLORADO
          : 
          0.53
</h2>,
        <h2>
          0.748
</h2>,
        <h2>
          ADAMS COUNTY 14
          : 
          0.709
</h2>,
      ],
      "className": "Card",
    },
    "ref": null,
    "rendered": Array [
      Object {
        "instance": null,
        "key": undefined,
        "nodeType": "host",
        "props": Object {
          "children": Array [
            "COLORADO",
            ": ",
            0.53,
          ],
        },
        "ref": null,
        "rendered": Array [
          "COLORADO",
          ": ",
          0.53,
        ],
        "type": "h2",
      },
      Object {
        "instance": null,
        "key": undefined,
        "nodeType": "host",
        "props": Object {
          "children": 0.748,
        },
        "ref": null,
        "rendered": 0.748,
        "type": "h2",
      },
      Object {
        "instance": null,
        "key": undefined,
        "nodeType": "host",
        "props": Object {
          "children": Array [
            "ADAMS COUNTY 14",
            ": ",
            0.709,
          ],
        },
        "ref": null,
        "rendered": Array [
          "ADAMS COUNTY 14",
          ": ",
          0.709,
        ],
        "type": "h2",
      },
    ],
    "type": "div",
  },
  Symbol(enzyme.__nodes__): Array [
    Object {
      "instance": null,
      "key": undefined,
      "nodeType": "host",
      "props": Object {
        "children": Array [
          <h2>
            COLORADO
            : 
            0.53
</h2>,
          <h2>
            0.748
</h2>,
          <h2>
            ADAMS COUNTY 14
            : 
            0.709
</h2>,
        ],
        "className": "Card",
      },
      "ref": null,
      "rendered": Array [
        Object {
          "instance": null,
          "key": undefined,
          "nodeType": "host",
          "props": Object {
            "children": Array [
              "COLORADO",
              ": ",
              0.53,
            ],
          },
          "ref": null,
          "rendered": Array [
            "COLORADO",
            ": ",
            0.53,
          ],
          "type": "h2",
        },
        Object {
          "instance": null,
          "key": undefined,
          "nodeType": "host",
          "props": Object {
            "children": 0.748,
          },
          "ref": null,
          "rendered": 0.748,
          "type": "h2",
        },
        Object {
          "instance": null,
          "key": undefined,
          "nodeType": "host",
          "props": Object {
            "children": Array [
              "ADAMS COUNTY 14",
              ": ",
              0.709,
            ],
          },
          "ref": null,
          "rendered": Array [
            "ADAMS COUNTY 14",
            ": ",
            0.709,
          ],
          "type": "h2",
        },
      ],
      "type": "div",
    },
  ],
  Symbol(enzyme.__options__): Object {
    "adapter": ReactSixteenAdapter {
      "options": Object {
        "enableComponentDidUpdateOnSetState": true,
        "lifecycles": Object {
          "componentDidUpdate": Object {
            "onSetState": true,
          },
          "getSnapshotBeforeUpdate": true,
        },
      },
    },
    "attachTo": undefined,
    "hydrateIn": undefined,
  },
}
`;
